// Jest Snapshot v1, https://goo.gl/fbAQLP

exports[`Registerâ†’ renders 1`] = `
<div>
  <form
    class="container"
    data-testid="register"
    id="register"
  >
    <div
      class="wrapper"
    >
      <h1
        class="title"
      >
        Vote your favourite Formula 1 driver
      </h1>
      <h2
        class="subtitle"
      >
        Register here
      </h2>
    </div>
    <div
      class="wrapper"
    >
      <div
        class="container"
      >
        <input
          autocomplete="off"
          class="input"
          placeholder="Enter your email"
          required=""
          type="text"
        />
        <label
          class="label "
          for="email"
        >
          Email
        </label>
      </div>
      <div
        class="container"
      >
        <input
          autocomplete="off"
          class="input"
          placeholder="Enter your password"
          required=""
          type="password"
        />
        <label
          class="label "
          for="password"
        >
          Password
        </label>
      </div>
      <div
        class="container"
      >
        <input
          autocomplete="off"
          class="input"
          placeholder="Enter your password"
          required=""
          type="password"
        />
        <label
          class="label "
          for="confirm password"
        >
          Confirm password
        </label>
      </div>
    </div>
    <a
      class="button  primary
      false
      false
      largeButton
      "
    >
      Register
    </a>
    <p
      class="text"
    >
      Already have an account? 
      <a
        class="link"
      >
        Sign in
      </a>
    </p>
  </form>
</div>
`;
