// Jest Snapshot v1, https://goo.gl/fbAQLP

exports[`Sidebarâ†’ renders 1`] = `
<div>
  <aside
    class="container isOpen"
    data-testid="sidebar"
  >
    <div
      class="iconContainer"
    >
      <svg
        class="icon"
        fill="currentColor"
        height="1em"
        stroke="currentColor"
        stroke-width="0"
        viewBox="0 0 352 512"
        width="1em"
        xmlns="http://www.w3.org/2000/svg"
      >
        <path
          d="M242.72 256l100.07-100.07c12.28-12.28 12.28-32.19 0-44.48l-22.24-22.24c-12.28-12.28-32.19-12.28-44.48 0L176 189.28 75.93 89.21c-12.28-12.28-32.19-12.28-44.48 0L9.21 111.45c-12.28 12.28-12.28 32.19 0 44.48L109.28 256 9.21 356.07c-12.28 12.28-12.28 32.19 0 44.48l22.24 22.24c12.28 12.28 32.2 12.28 44.48 0L176 322.72l100.07 100.07c12.28 12.28 32.2 12.28 44.48 0l22.24-22.24c12.28-12.28 12.28-32.19 0-44.48L242.72 256z"
        />
      </svg>
    </div>
    <div
      class="menuWrapper"
    >
      <ul
        class="menu"
      >
        <a
          class="link"
        >
          About
        </a>
        <a
          class="link"
        >
          Data Protection
        </a>
      </ul>
    </div>
    <div
      class="ctaWrapper"
    >
      <a
        class="button  primary
      false
      mediumButton
      false
      "
      >
        Sign in
      </a>
    </div>
  </aside>
</div>
`;
