// Jest Snapshot v1, https://goo.gl/fbAQLP

exports[`Navbar component renders 1`] = `
<div>
  <nav
    data-testid="navigation-bar-desktop"
  >
    <div
      class="container"
      data-testid="navigation-bar-logo"
    >
      <a
        class="logo"
        href="/"
      >
        BVS
      </a>
      <div
        class="mobileMenuIcon"
        data-testid="mobile-menu-icon"
      >
        <svg
          class="faBars"
          fill="currentColor"
          height="1em"
          stroke="currentColor"
          stroke-width="0"
          viewBox="0 0 448 512"
          width="1em"
          xmlns="http://www.w3.org/2000/svg"
        >
          <path
            d="M16 132h416c8.837 0 16-7.163 16-16V76c0-8.837-7.163-16-16-16H16C7.163 60 0 67.163 0 76v40c0 8.837 7.163 16 16 16zm0 160h416c8.837 0 16-7.163 16-16v-40c0-8.837-7.163-16-16-16H16c-8.837 0-16 7.163-16 16v40c0 8.837 7.163 16 16 16zm0 160h416c8.837 0 16-7.163 16-16v-40c0-8.837-7.163-16-16-16H16c-8.837 0-16 7.163-16 16v40c0 8.837 7.163 16 16 16z"
          />
        </svg>
      </div>
      <ul
        class="menu"
        data-testid="navigation-bar-menu"
      >
        <li
          class="menuItem"
        >
          <a
            class="menuUrls"
          >
            About
          </a>
        </li>
        <li
          class="menuItem"
        >
          <a
            class="menuUrls"
          >
            Data Protection
          </a>
        </li>
      </ul>
      <div
        class="ctaContainer"
        data-testid="navigation-bar-cta"
      >
        <a
          class="cta"
        >
          Sign in
        </a>
      </div>
    </div>
  </nav>
</div>
`;
