// Jest Snapshot v1, https://goo.gl/fbAQLP

exports[`YearSelectorâ†’ renders 1`] = `
<div>
  <span
    class="container"
  >
    <hr
      class="leftLine"
    />
    <select
      class="selector"
      data-testid="year-selector"
      id="years"
      name="years"
    >
      <option
        class="option"
        value="2015"
      >
        Year 2015
      </option>
      <option
        class="option"
        value="2016"
      >
        Year 2016
      </option>
      <option
        class="option"
        selected=""
        value="2017"
      >
        Year 2017
      </option>
      <option
        class="option"
        value="2018"
      >
        Year 2018
      </option>
      <option
        class="option"
        value="2019"
      >
        Year 2019
      </option>
      <option
        class="option"
        value="2020"
      >
        Year 2020
      </option>
      <option
        class="option"
        value="2021"
      >
        Year 2021
      </option>
      <option
        class="option"
        value="2022"
      >
        Year 2022
      </option>
      <option
        class="option"
        value="2023"
      >
        Year 2023
      </option>
    </select>
    <hr
      class="rightLine"
    />
  </span>
</div>
`;
