// Jest Snapshot v1, https://goo.gl/fbAQLP

exports[`CardsListâ†’ renders 1`] = `
<div>
  <div
    class="container"
    data-testid="cards-list"
  >
    <div
      class="container"
    >
      <div
        class="imgWrap"
      >
        <span
          style="box-sizing: border-box; display: block; overflow: hidden; background: none; opacity: 1; border: 0px; margin: 0px; padding: 0px; position: absolute; top: 0px; left: 0px; bottom: 0px; right: 0px;"
        >
          <img
            alt="imola"
            class="image"
            data-nimg="fill"
            decoding="async"
            src="data:image/gif;base64,R0lGODlhAQABAIAAAAAAAP///yH5BAEAAAAALAAAAAABAAEAAAIBRAA7"
            style="position: absolute; top: 0px; left: 0px; bottom: 0px; right: 0px; box-sizing: border-box; padding: 0px; margin: auto; display: block; width: 0px; height: 0px; min-width: 100%; max-width: 100%; min-height: 100%; max-height: 100%; object-fit: cover;"
          />
          <noscript />
        </span>
      </div>
      <div
        class="body"
      >
        <h1
          class="locality"
        >
          Imola
          ,
        </h1>
        <h2
          class="country"
        >
          Italy
        </h2>
        <button
          class="button votingButton"
        >
          Vote now
        </button>
        <button
          class="button standingsButton"
        >
          Standings
        </button>
      </div>
    </div>
    <div
      class="container"
    >
      <div
        class="imgWrap"
      >
        <span
          style="box-sizing: border-box; display: block; overflow: hidden; background: none; opacity: 1; border: 0px; margin: 0px; padding: 0px; position: absolute; top: 0px; left: 0px; bottom: 0px; right: 0px;"
        >
          <img
            alt="miami"
            class="image"
            data-nimg="fill"
            decoding="async"
            src="data:image/gif;base64,R0lGODlhAQABAIAAAAAAAP///yH5BAEAAAAALAAAAAABAAEAAAIBRAA7"
            style="position: absolute; top: 0px; left: 0px; bottom: 0px; right: 0px; box-sizing: border-box; padding: 0px; margin: auto; display: block; width: 0px; height: 0px; min-width: 100%; max-width: 100%; min-height: 100%; max-height: 100%; object-fit: cover;"
          />
          <noscript />
        </span>
      </div>
      <div
        class="body"
      >
        <h1
          class="locality"
        >
          Miami
          ,
        </h1>
        <h2
          class="country"
        >
          USA
        </h2>
        <button
          class="button votingButton"
        >
          Vote now
        </button>
        <button
          class="button standingsButton"
        >
          Standings
        </button>
      </div>
    </div>
    <div
      class="container"
    >
      <div
        class="imgWrap"
      >
        <span
          style="box-sizing: border-box; display: block; overflow: hidden; background: none; opacity: 1; border: 0px; margin: 0px; padding: 0px; position: absolute; top: 0px; left: 0px; bottom: 0px; right: 0px;"
        >
          <img
            alt="monaco"
            class="image"
            data-nimg="fill"
            decoding="async"
            src="data:image/gif;base64,R0lGODlhAQABAIAAAAAAAP///yH5BAEAAAAALAAAAAABAAEAAAIBRAA7"
            style="position: absolute; top: 0px; left: 0px; bottom: 0px; right: 0px; box-sizing: border-box; padding: 0px; margin: auto; display: block; width: 0px; height: 0px; min-width: 100%; max-width: 100%; min-height: 100%; max-height: 100%; object-fit: cover;"
          />
          <noscript />
        </span>
      </div>
      <div
        class="body"
      >
        <h1
          class="locality"
        >
          Monaco
          ,
        </h1>
        <h2
          class="country"
        >
          Monaco
        </h2>
        <button
          class="button votingButton"
        >
          Vote now
        </button>
        <button
          class="button standingsButton"
        >
          Standings
        </button>
      </div>
    </div>
  </div>
</div>
`;
