// Jest Snapshot v1, https://goo.gl/fbAQLP

exports[`Layout→ should render children 1`] = `
<div>
  <nav
    class=""
    data-testid="navigation-bar"
  >
    <div
      class="container"
      data-testid="navigation-bar-logo"
    >
      <a
        class="logo "
        href="/"
      >
        BVS
      </a>
      <div
        class="mobileMenuIcon"
        data-testid="mobile-menu-icon"
      >
        <svg
          class="faBars"
          fill="currentColor"
          height="1em"
          stroke="currentColor"
          stroke-width="0"
          viewBox="0 0 448 512"
          width="1em"
          xmlns="http://www.w3.org/2000/svg"
        >
          <path
            d="M16 132h416c8.837 0 16-7.163 16-16V76c0-8.837-7.163-16-16-16H16C7.163 60 0 67.163 0 76v40c0 8.837 7.163 16 16 16zm0 160h416c8.837 0 16-7.163 16-16v-40c0-8.837-7.163-16-16-16H16c-8.837 0-16 7.163-16 16v40c0 8.837 7.163 16 16 16zm0 160h416c8.837 0 16-7.163 16-16v-40c0-8.837-7.163-16-16-16H16c-8.837 0-16 7.163-16 16v40c0 8.837 7.163 16 16 16z"
          />
        </svg>
      </div>
      <ul
        class="menu"
        data-testid="navigation-bar-menu"
      >
        <li
          class="menuItem"
        >
          <a
            class="menuUrls "
          >
            About
          </a>
        </li>
        <li
          class="menuItem"
        >
          <a
            class="menuUrls "
          >
            Data Protection
          </a>
        </li>
      </ul>
      <div
        class="ctaContainer"
        data-testid="navigation-bar-cta"
      >
        <a
          class="button  primary
      false
      mediumButton
      false
      "
        >
          Sign in
        </a>
      </div>
    </div>
  </nav>
  <aside
    class="container "
    data-testid="sidebar"
  >
    <div
      class="iconContainer"
    >
      <svg
        class="icon"
        fill="currentColor"
        height="1em"
        stroke="currentColor"
        stroke-width="0"
        viewBox="0 0 352 512"
        width="1em"
        xmlns="http://www.w3.org/2000/svg"
      >
        <path
          d="M242.72 256l100.07-100.07c12.28-12.28 12.28-32.19 0-44.48l-22.24-22.24c-12.28-12.28-32.19-12.28-44.48 0L176 189.28 75.93 89.21c-12.28-12.28-32.19-12.28-44.48 0L9.21 111.45c-12.28 12.28-12.28 32.19 0 44.48L109.28 256 9.21 356.07c-12.28 12.28-12.28 32.19 0 44.48l22.24 22.24c12.28 12.28 32.2 12.28 44.48 0L176 322.72l100.07 100.07c12.28 12.28 32.2 12.28 44.48 0l22.24-22.24c12.28-12.28 12.28-32.19 0-44.48L242.72 256z"
        />
      </svg>
    </div>
    <div
      class="menuWrapper"
    >
      <ul
        class="menu"
      >
        <a
          class="link"
        >
          About
        </a>
        <a
          class="link"
        >
          Data Protection
        </a>
      </ul>
    </div>
    <div
      class="ctaWrapper"
    >
      <a
        class="button  primary
      false
      mediumButton
      false
      "
      >
        Sign in
      </a>
    </div>
  </aside>
  <div>
    This is a test
  </div>
  <footer
    class="footer"
    data-testid="footer"
  >
    <ul
      class="menu"
    >
      <a
        class="link"
      >
        About
      </a>
      <a
        class="link"
      >
        Data Protection
      </a>
    </ul>
    <div
      class="copyright"
    >
      © 2022, Proudly Coded by 
      Eduard-Constantin Stoica
    </div>
  </footer>
</div>
`;
