// Jest Snapshot v1, https://goo.gl/fbAQLP

exports[`EmailModal→ renders 1`] = `
<div>
  <div
    class="overlay"
  >
    <div
      class="wrapper darkBackground"
    >
      <div
        class="header"
      >
        <h1
          class="title"
        >
          Set up your email
        </h1>
        <svg
          class="icon"
          fill="currentColor"
          height="1em"
          stroke="currentColor"
          stroke-width="0"
          viewBox="0 0 352 512"
          width="1em"
          xmlns="http://www.w3.org/2000/svg"
        >
          <path
            d="M242.72 256l100.07-100.07c12.28-12.28 12.28-32.19 0-44.48l-22.24-22.24c-12.28-12.28-32.19-12.28-44.48 0L176 189.28 75.93 89.21c-12.28-12.28-32.19-12.28-44.48 0L9.21 111.45c-12.28 12.28-12.28 32.19 0 44.48L109.28 256 9.21 356.07c-12.28 12.28-12.28 32.19 0 44.48l22.24 22.24c12.28 12.28 32.2 12.28 44.48 0L176 322.72l100.07 100.07c12.28 12.28 32.2 12.28 44.48 0l22.24-22.24c12.28-12.28 12.28-32.19 0-44.48L242.72 256z"
          />
        </svg>
      </div>
      <div
        class="body"
      >
        <div
          class="container"
          data-testid="email-modal"
        >
          <div
            class="container"
          >
            <input
              autocomplete="off"
              class="input"
              placeholder="Enter your email"
              required=""
              type="text"
            />
            <label
              class="label "
              for="email"
            >
              Email
            </label>
          </div>
          <button
            class="button  primary
      false
      false
      largeButton
      "
          >
            <span>
              Set email and log in
            </span>
             
          </button>
        </div>
      </div>
    </div>
  </div>
</div>
`;

exports[`EmailModal→ renders nothing if show is false 1`] = `<div />`;
