// Jest Snapshot v1, https://goo.gl/fbAQLP

exports[`YearStandingsButtonâ†’ renders 1`] = `
<div>
  <button
    class="button"
    data-testid="year-standings-button"
  >
    Standings
     
    2017
  </button>
</div>
`;
